GCN Training..............................................

--- Počinjem učitavanje TF Datasetova iz '/home/ivanam/BIO-Info/bio_info//data_preprocessing/data/tfrecords_multi_balanced' ---
Upozorenje: Nije moguće dobiti dimenziju atomskih feature-a iz Chem.Atom(0). Pretpostavljam 12.
Učitavam datasete sa očekivanom dimenzijom globalnih karakteristika: 2
Trening dataset uspešno učitan iz: /home/ivanam/BIO-Info/bio_info//data_preprocessing/data/tfrecords_multi_balanced/train_dataset
Validacioni dataset uspešno učitan iz: /home/ivanam/BIO-Info/bio_info//data_preprocessing/data/tfrecords_multi_balanced/val_dataset
Test dataset uspešno učitan iz: /home/ivanam/BIO-Info/bio_info//data_preprocessing/data/tfrecords_multi_balanced/test_dataset

--- Učitavanje TF Datasetova završeno ---
Veličina trening skupa: 6556

--- Brojanje labela za Training dataset ---
Ukupno instanci u Training: 6556
  Labela 0: 1629 instanci
  Labela 1: 1280 instanci
  Labela 2: 1136 instanci
  Labela 3: 1139 instanci
  Labela 4: 1372 instanci
--------------------------------------------------------
Veličina validacionog skupa: 2186

--- Brojanje labela za Val dataset ---
Ukupno instanci u Val: 2186
  Labela 0: 543 instanci
  Labela 1: 427 instanci
  Labela 2: 379 instanci
  Labela 3: 380 instanci
  Labela 4: 457 instanci
--------------------------------------------------------
Veličina test skupa: 2186

--- Brojanje labela za Test dataset ---
Ukupno instanci u Test: 2186
  Labela 0: 543 instanci
  Labela 1: 427 instanci
  Labela 2: 379 instanci
  Labela 3: 380 instanci
  Labela 4: 457 instanci
--------------------------------------------------------

--- Konvertovanje trening skupa ---
Pretvaranje TF Dataset-a u Spektral Graph objekte i One-Hot enkodiranje labela...
All files done.
